["55.555.5555"]